// Jest Snapshot v1, https://goo.gl/fbAQLP

exports[`<App /> should render and match the snapshot 1`] = `
<React.Fragment>
  <Memo(l) />
  <Helmet
    defaultTitle="Movie App"
    defer={true}
    encodeSpecialCharacters={true}
    htmlAttributes={
      Object {
        "lang": undefined,
      }
    }
    titleTemplate="%s - StockBit Movie"
  >
    <meta
      content="A React Movie App application"
      name="description"
    />
  </Helmet>
  <Layout>
    <AppRoutes />
  </Layout>
</React.Fragment>
`;
